******************************************************************************
             TMS320C2000 Linker PC v18.12.4                    
******************************************************************************
>> Linked Sat Feb 15 09:39:11 2020

OUTPUT FILE NAME:   <INTERRUPT.out>
ENTRY POINT SYMBOL: "_c_int00"  address: 0000838f


MEMORY CONFIGURATION

         name            origin    length      used     unused   attr    fill
----------------------  --------  ---------  --------  --------  ----  --------
PAGE 0:
  BEGIN                 00000000   00000002  00000000  00000002  RWIX
  RAMM0                 00000122   000002de  00000020  000002be  RWIX
  RAMLS0                00008000   00000800  000003d0  00000430  RWIX
  RAMLS1                00008800   00000800  00000000  00000800  RWIX
  RAMLS2                00009000   00000800  00000000  00000800  RWIX
  RAMLS3                00009800   00000800  00000000  00000800  RWIX
  RAMLS4                0000a000   00000800  00000000  00000800  RWIX
  RAMD0                 0000b000   00000800  000007fe  00000002  RWIX
  RESET                 003fffc0   00000002  00000000  00000002  RWIX

PAGE 1:
  BOOT_RSVD             00000002   00000121  00000000  00000121  RWIX
  RAMM1                 00000400   000003f8  00000200  000001f8  RWIX
  ADCA_RESULT           00000b00   00000020  00000000  00000020  RWIX
  ADCB_RESULT           00000b20   00000020  00000000  00000020  RWIX
  ADCC_RESULT           00000b40   00000020  00000000  00000020  RWIX
  ADCD_RESULT           00000b60   00000020  00000000  00000020  RWIX
  CPU_TIMER0            00000c00   00000008  00000000  00000008  RWIX
  CPU_TIMER1            00000c08   00000008  00000000  00000008  RWIX
  CPU_TIMER2            00000c10   00000008  00000000  00000008  RWIX
  PIE_CTRL              00000ce0   00000020  00000000  00000020  RWIX
  PIE_VECT              00000d00   00000200  00000000  00000200  RWIX
  DMA                   00001000   00000200  00000000  00000200  RWIX
  CLA1                  00001400   00000040  00000000  00000040  RWIX
  EPWM1                 00004000   00000100  00000000  00000100  RWIX
  EPWM2                 00004100   00000100  00000000  00000100  RWIX
  EPWM3                 00004200   00000100  00000000  00000100  RWIX
  EPWM4                 00004300   00000100  00000000  00000100  RWIX
  EPWM5                 00004400   00000100  00000000  00000100  RWIX
  EPWM6                 00004500   00000100  00000000  00000100  RWIX
  EPWM7                 00004600   00000100  00000000  00000100  RWIX
  EPWM8                 00004700   00000100  00000000  00000100  RWIX
  EPWM9                 00004800   00000100  00000000  00000100  RWIX
  EPWM10                00004900   00000100  00000000  00000100  RWIX
  EPWM11                00004a00   00000100  00000000  00000100  RWIX
  EPWM12                00004b00   00000100  00000000  00000100  RWIX
  ECAP1                 00005000   00000020  00000000  00000020  RWIX
  ECAP2                 00005020   00000020  00000000  00000020  RWIX
  ECAP3                 00005040   00000020  00000000  00000020  RWIX
  ECAP4                 00005060   00000020  00000000  00000020  RWIX
  ECAP5                 00005080   00000020  00000000  00000020  RWIX
  ECAP6                 000050a0   00000020  00000000  00000020  RWIX
  EQEP1                 00005100   00000040  00000000  00000040  RWIX
  EQEP2                 00005140   00000040  00000000  00000040  RWIX
  EQEP3                 00005180   00000040  00000000  00000040  RWIX
  DACA                  00005c00   00000010  00000000  00000010  RWIX
  DACB                  00005c10   00000010  00000000  00000010  RWIX
  DACC                  00005c20   00000010  00000000  00000010  RWIX
  CMPSS1                00005c80   00000020  00000000  00000020  RWIX
  CMPSS2                00005ca0   00000020  00000000  00000020  RWIX
  CMPSS3                00005cc0   00000020  00000000  00000020  RWIX
  CMPSS4                00005ce0   00000020  00000000  00000020  RWIX
  CMPSS5                00005d00   00000020  00000000  00000020  RWIX
  CMPSS6                00005d20   00000020  00000000  00000020  RWIX
  CMPSS7                00005d40   00000020  00000000  00000020  RWIX
  CMPSS8                00005d60   00000020  00000000  00000020  RWIX
  SDFM1                 00005e00   00000080  00000000  00000080  RWIX
  SDFM2                 00005e80   00000080  00000000  00000080  RWIX
  MCBSPA                00006000   00000040  00000000  00000040  RWIX
  MCBSPB                00006040   00000040  00000000  00000040  RWIX
  SPIA                  00006100   00000010  00000000  00000010  RWIX
  SPIB                  00006110   00000010  00000000  00000010  RWIX
  SPIC                  00006120   00000010  00000000  00000010  RWIX
  SPID                  00006130   00000010  00000000  00000010  RWIX
  UPP                   00006200   00000100  00000000  00000100  RWIX
  WD                    00007000   00000040  00000000  00000040  RWIX
  NMIINTRUPT            00007060   00000010  00000000  00000010  RWIX
  XINT                  00007070   00000010  00000000  00000010  RWIX
  SCIA                  00007200   00000010  00000000  00000010  RWIX
  SCIB                  00007210   00000010  00000000  00000010  RWIX
  SCIC                  00007220   00000010  00000000  00000010  RWIX
  SCID                  00007230   00000010  00000000  00000010  RWIX
  I2CA                  00007300   00000040  00000000  00000040  RWIX
  I2CB                  00007340   00000040  00000000  00000040  RWIX
  ADCA                  00007400   00000080  00000000  00000080  RWIX
  ADCB                  00007480   00000080  00000000  00000080  RWIX
  ADCC                  00007500   00000080  00000000  00000080  RWIX
  ADCD                  00007580   00000080  00000000  00000080  RWIX
  INPUT_XBAR            00007900   00000020  00000000  00000020  RWIX
  XBAR                  00007920   00000020  00000000  00000020  RWIX
  SYNC_SOC              00007940   00000010  00000000  00000010  RWIX
  DMACLASRCSEL          00007980   00000040  00000000  00000040  RWIX
  EPWM_XBAR             00007a00   00000040  00000000  00000040  RWIX
  CLB_XBAR              00007a40   00000040  00000000  00000040  RWIX
  OUTPUT_XBAR           00007a80   00000040  00000000  00000040  RWIX
  GPIOCTRL              00007c00   00000180  00000000  00000180  RWIX
  GPIODAT               00007f00   00000030  00000000  00000030  RWIX
  RAMLS5                0000a800   00000800  00000014  000007ec  RWIX
  RAMD1                 0000b800   00000800  00000000  00000800  RWIX
  RAMGS0                0000c000   00001000  00000000  00001000  RWIX
  RAMGS1                0000d000   00001000  00000000  00001000  RWIX
  RAMGS2                0000e000   00001000  00000000  00001000  RWIX
  RAMGS3                0000f000   00001000  00000000  00001000  RWIX
  RAMGS4                00010000   00001000  00000000  00001000  RWIX
  RAMGS5                00011000   00001000  00000000  00001000  RWIX
  RAMGS6                00012000   00001000  00000000  00001000  RWIX
  RAMGS7                00013000   00001000  00000000  00001000  RWIX
  RAMGS8                00014000   00001000  00000000  00001000  RWIX
  RAMGS9                00015000   00001000  00000000  00001000  RWIX
  RAMGS10               00016000   00001000  00000000  00001000  RWIX
  RAMGS11               00017000   00001000  00000000  00001000  RWIX
  RAMGS12               00018000   00001000  00000000  00001000  RWIX
  RAMGS13               00019000   00001000  00000000  00001000  RWIX
  RAMGS14               0001a000   00001000  00000000  00001000  RWIX
  RAMGS15               0001b000   00000ff8  00000000  00000ff8  RWIX
  CPU2TOCPU1RAM         0003f800   00000400  00000000  00000400  RWIX
  CPU1TOCPU2RAM         0003fc00   00000400  00000000  00000400  RWIX
  EMIF1                 00047000   00000800  00000000  00000800  RWIX
  EMIF2                 00047800   00000800  00000000  00000800  RWIX
  CANA                  00048000   00000800  00000000  00000800  RWIX
  CANA_MSG_RAM          00049000   00000800  00000000  00000800  RWIX
  CANB                  0004a000   00000800  00000000  00000800  RWIX
  CANB_MSG_RAM          0004b000   00000800  00000000  00000800  RWIX
  IPC                   00050000   00000024  00000000  00000024  RWIX
  FLASHPUMPSEMAPHORE    00050024   00000002  00000000  00000002  RWIX
  DEV_CFG               0005d000   00000180  00000000  00000180  RWIX
  ANALOG_SUBSYS         0005d180   00000080  00000000  00000080  RWIX
  CLK_CFG               0005d200   00000100  00000000  00000100  RWIX
  CPU_SYS               0005d300   00000100  00000000  00000100  RWIX
  ROMPREFETCH           0005e608   00000002  00000000  00000002  RWIX
  DCSM_Z1               0005f000   00000030  00000000  00000030  RWIX
  DCSM_Z2               0005f040   00000030  00000000  00000030  RWIX
  DCSM_COMMON           0005f070   00000010  00000000  00000010  RWIX
  MEMCFG                0005f400   00000080  00000000  00000080  RWIX
  EMIF1CONFIG           0005f480   00000020  00000000  00000020  RWIX
  EMIF2CONFIG           0005f4a0   00000020  00000000  00000020  RWIX
  ACCESSPROTECTION      0005f4c0   00000040  00000000  00000040  RWIX
  MEMORYERROR           0005f500   00000040  00000000  00000040  RWIX
  ROMWAITSTATE          0005f540   00000002  00000000  00000002  RWIX
  FLASH0_CTRL           0005f800   00000300  00000000  00000300  RWIX
  FLASH0_ECC            0005fb00   00000040  00000000  00000040  RWIX


SECTION ALLOCATION MAP

 output                                  attributes/
section   page    origin      length       input sections
--------  ----  ----------  ----------   ----------------
.cinit     0    00000128    0000001c     
                  00000128    00000009     (.cinit..data.load) [load image, compression = lzss]
                  00000131    00000001     --HOLE-- [fill = 0]
                  00000132    00000006     (__TI_handler_table)
                  00000138    00000004     (.cinit..bss.load) [load image, compression = zero_init]
                  0000013c    00000008     (__TI_cinit_table)

.reset     0    003fffc0    00000000     DSECT

.stack     1    00000400    00000200     UNINITIALIZED
                  00000400    00000200     --HOLE--

.bss       1    0000a810    00000004     UNINITIALIZED
                  0000a810    00000004     main.obj (.bss)

.init_array 
*          0    00000122    00000000     UNINITIALIZED

.data      1    0000a800    00000010     UNINITIALIZED
                  0000a800    00000006     device.obj (.data)
                  0000a806    00000006     rts2800_fpu32_eabi.lib : exit.c.obj (.data)
                  0000a80c    00000002                            : _lock.c.obj (.data:_lock)
                  0000a80e    00000002                            : _lock.c.obj (.data:_unlock)

.TI.ramfunc 
*          0    00000122    00000004     
                  00000122    00000004     sysctl.obj (.TI.ramfunc)

GETBUFFER 
*          0    0003f800    00000000     DSECT

GETWRITEIDX 
*          0    0003f800    00000000     DSECT

PUTREADIDX 
*          0    0003f800    00000000     DSECT

Cla1SoftIntRegsFile 
*          1    00000ce0    00000000     DSECT

.text.1    0    00008000    000003d0     
                  00008000    000001eb     gpio.obj (.text)
                  000081eb    00000187     interrupt.obj (.text)
                  00008372    0000001d     rts2800_fpu32_eabi.lib : memcpy.c.obj (.text)
                  0000838f    00000017                            : boot28.asm.obj (.text)
                  000083a6    0000000d                            : copy_zero_init.c.obj (.text:decompress:ZI:__TI_zero_init_nomemset)
                  000083b3    0000000c                            : args_main.c.obj (.text)
                  000083bf    00000009                            : _lock.c.obj (.text)
                  000083c8    00000008                            : copy_decompress_none.c.obj (.text:decompress:none)

.text.2    0    0000b000    000007fe     
                  0000b000    000004ad     sysctl.obj (.text)
                  0000b4ad    0000022b     device.obj (.text)
                  0000b6d8    00000061     main.obj (.text)
                  0000b739    0000003d     main.obj (.text:retain)
                  0000b776    00000031     rts2800_fpu32_eabi.lib : copy_decompress_lzss.c.obj (.text:decompress:lzss)
                  0000b7a7    0000002b                            : autoinit.c.obj (.text:__TI_auto_init_nobinit_nopinit)
                  0000b7d2    00000029                            : exit.c.obj (.text)
                  0000b7fb    00000002                            : pre_init.c.obj (.text)
                  0000b7fd    00000001                            : startup.c.obj (.text)

MODULE SUMMARY

       Module                       code   ro data   rw data
       ------                       ----   -------   -------
    .\
       main.obj                     158    0         4      
    +--+----------------------------+------+---------+---------+
       Total:                       158    0         4      
                                                            
    .\DRIVER\
       sysctl.obj                   1201   0         0      
       device.obj                   555    0         6      
       gpio.obj                     491    0         0      
       interrupt.obj                391    0         0      
    +--+----------------------------+------+---------+---------+
       Total:                       2638   0         6      
                                                            
    C:\ti\ccs930\ccs\tools\compiler\ti-cgt-c2000_18.12.4.LTS\lib\rts2800_fpu32_eabi.lib
       copy_decompress_lzss.c.obj   49     0         0      
       exit.c.obj                   41     0         6      
       autoinit.c.obj               43     0         0      
       memcpy.c.obj                 29     0         0      
       boot28.asm.obj               23     0         0      
       _lock.c.obj                  9      0         4      
       copy_zero_init.c.obj         13     0         0      
       args_main.c.obj              12     0         0      
       copy_decompress_none.c.obj   8      0         0      
       pre_init.c.obj               2      0         0      
       startup.c.obj                1      0         0      
    +--+----------------------------+------+---------+---------+
       Total:                       230    0         10     
                                                            
       Stack:                       0      0         512    
       Linker Generated:            0      27        0      
    +--+----------------------------+------+---------+---------+
       Grand Total:                 3026   27        532    


LINKER GENERATED COPY TABLES

__TI_cinit_table @ 0000013c records: 2, size/record: 4, table size: 8
	.data: load addr=00000128, load size=00000009 bytes, run addr=0000a800, run size=00000010 bytes, compression=lzss
	.bss: load addr=00000138, load size=00000004 bytes, run addr=0000a810, run size=00000004 bytes, compression=zero_init


LINKER GENERATED HANDLER TABLE

__TI_handler_table @ 00000132 records: 3, size/record: 2, table size: 6
	index: 0, handler: __TI_zero_init
	index: 1, handler: __TI_decompress_lzss
	index: 2, handler: __TI_decompress_none


GLOBAL DATA SYMBOLS: SORTED BY DATA PAGE

address     data page           name
--------    ----------------    ----
00000400      10 (00000400)     __stack

0000a800     2a0 (0000a800)     Example_Result
0000a802     2a0 (0000a800)     Example_PassCount
0000a804     2a0 (0000a800)     Example_Fail
0000a806     2a0 (0000a800)     __TI_enable_exit_profile_output
0000a808     2a0 (0000a800)     __TI_cleanup_ptr
0000a80a     2a0 (0000a800)     __TI_dtors_ptr
0000a80c     2a0 (0000a800)     _lock
0000a80e     2a0 (0000a800)     _unlock
0000a810     2a0 (0000a800)     test
0000a812     2a0 (0000a800)     count


GLOBAL SYMBOLS: SORTED ALPHABETICALLY BY Name 

page  address   name                                     
----  -------   ----                                     
0     0000b7d2  C$$EXIT                                  
0     0000b695  Device_configureTMXAnalogTrim            
0     0000b539  Device_enableAllPeripherals              
0     0000b67f  Device_enableUnbondedGPIOPullups         
0     0000b65c  Device_enableUnbondedGPIOPullupsFor100Pin
0     0000b645  Device_enableUnbondedGPIOPullupsFor176Pin
0     0000b51b  Device_init                              
0     0000b624  Device_initGPIO                          
1     0000a804  Example_Fail                             
1     0000a802  Example_PassCount                        
1     0000a800  Example_Result                           
0     0000b6d7  Example_done                             
0     0000b6d2  Example_setResultFail                    
0     0000b6cd  Example_setResultPass                    
0     00008034  GPIO_getDirectionMode                    
0     000080bd  GPIO_getPadConfig                        
0     0000811d  GPIO_getQualificationMode                
0     0000818c  GPIO_setAnalogMode                       
0     0000800d  GPIO_setDirectionMode                    
0     0000804a  GPIO_setInterruptPin                     
0     00008160  GPIO_setMasterCore                       
0     00008075  GPIO_setPadConfig                        
0     000081b4  GPIO_setPinConfig                        
0     000080f1  GPIO_setQualificationMode                
0     0000813e  GPIO_setQualificationPeriod              
0     0000b71e  INTERRUPT_Init                           
0     00008327  Interrupt_disable                        
0     000082f3  Interrupt_enable                         
0     00008296  Interrupt_initModule                     
0     000082d3  Interrupt_initVectorTable                
0     00000122  SysCtl_delay                             
0     0000b065  SysCtl_getAuxClock                       
0     0000b014  SysCtl_getClock                          
0     0000b445  SysCtl_getDeviceParametric               
0     0000b42b  SysCtl_getLowSpeedClock                  
0     0000b3fc  SysCtl_selectOscSource                   
0     0000b2bb  SysCtl_setAuxClock                       
0     0000b0a6  SysCtl_setClock                          
0     0000b739  XINT1_ISR                                
0     0000013c  __TI_CINIT_Base                          
0     00000144  __TI_CINIT_Limit                         
0     00000132  __TI_Handler_Table_Base                  
0     00000138  __TI_Handler_Table_Limit                 
1     00000600  __TI_STACK_END                           
abs   00000200  __TI_STACK_SIZE                          
0     0000b7a7  __TI_auto_init_nobinit_nopinit           
1     0000a808  __TI_cleanup_ptr                         
0     0000b776  __TI_decompress_lzss                     
0     000083c8  __TI_decompress_none                     
1     0000a80a  __TI_dtors_ptr                           
1     0000a806  __TI_enable_exit_profile_output          
abs   ffffffff  __TI_pprof_out_hndl                      
abs   ffffffff  __TI_prof_data_size                      
abs   ffffffff  __TI_prof_data_start                     
0     000083a6  __TI_zero_init_nomemset                  
n/a   UNDEFED   __c_args__                               
0     0000b6c6  __error__                                
1     00000400  __stack                                  
0     000083b3  _args_main                               
0     0000838f  _c_int00                                 
1     0000a80c  _lock                                    
0     000083c7  _nop                                     
0     000083c3  _register_lock                           
0     000083bf  _register_unlock                         
0     0000b7fd  _system_post_cinit                       
0     0000b7fb  _system_pre_init                         
1     0000a80e  _unlock                                  
0     0000b7d2  abort                                    
1     0000a812  count                                    
0     0000b7d4  exit                                     
0     0000b706  main                                     
0     00008372  memcpy                                   
1     0000a810  test                                     


GLOBAL SYMBOLS: SORTED BY Symbol Address 

page  address   name                                     
----  -------   ----                                     
0     00000122  SysCtl_delay                             
0     00000132  __TI_Handler_Table_Base                  
0     00000138  __TI_Handler_Table_Limit                 
0     0000013c  __TI_CINIT_Base                          
0     00000144  __TI_CINIT_Limit                         
0     0000800d  GPIO_setDirectionMode                    
0     00008034  GPIO_getDirectionMode                    
0     0000804a  GPIO_setInterruptPin                     
0     00008075  GPIO_setPadConfig                        
0     000080bd  GPIO_getPadConfig                        
0     000080f1  GPIO_setQualificationMode                
0     0000811d  GPIO_getQualificationMode                
0     0000813e  GPIO_setQualificationPeriod              
0     00008160  GPIO_setMasterCore                       
0     0000818c  GPIO_setAnalogMode                       
0     000081b4  GPIO_setPinConfig                        
0     00008296  Interrupt_initModule                     
0     000082d3  Interrupt_initVectorTable                
0     000082f3  Interrupt_enable                         
0     00008327  Interrupt_disable                        
0     00008372  memcpy                                   
0     0000838f  _c_int00                                 
0     000083a6  __TI_zero_init_nomemset                  
0     000083b3  _args_main                               
0     000083bf  _register_unlock                         
0     000083c3  _register_lock                           
0     000083c7  _nop                                     
0     000083c8  __TI_decompress_none                     
0     0000b014  SysCtl_getClock                          
0     0000b065  SysCtl_getAuxClock                       
0     0000b0a6  SysCtl_setClock                          
0     0000b2bb  SysCtl_setAuxClock                       
0     0000b3fc  SysCtl_selectOscSource                   
0     0000b42b  SysCtl_getLowSpeedClock                  
0     0000b445  SysCtl_getDeviceParametric               
0     0000b51b  Device_init                              
0     0000b539  Device_enableAllPeripherals              
0     0000b624  Device_initGPIO                          
0     0000b645  Device_enableUnbondedGPIOPullupsFor176Pin
0     0000b65c  Device_enableUnbondedGPIOPullupsFor100Pin
0     0000b67f  Device_enableUnbondedGPIOPullups         
0     0000b695  Device_configureTMXAnalogTrim            
0     0000b6c6  __error__                                
0     0000b6cd  Example_setResultPass                    
0     0000b6d2  Example_setResultFail                    
0     0000b6d7  Example_done                             
0     0000b706  main                                     
0     0000b71e  INTERRUPT_Init                           
0     0000b739  XINT1_ISR                                
0     0000b776  __TI_decompress_lzss                     
0     0000b7a7  __TI_auto_init_nobinit_nopinit           
0     0000b7d2  C$$EXIT                                  
0     0000b7d2  abort                                    
0     0000b7d4  exit                                     
0     0000b7fb  _system_pre_init                         
0     0000b7fd  _system_post_cinit                       
1     00000400  __stack                                  
1     00000600  __TI_STACK_END                           
1     0000a800  Example_Result                           
1     0000a802  Example_PassCount                        
1     0000a804  Example_Fail                             
1     0000a806  __TI_enable_exit_profile_output          
1     0000a808  __TI_cleanup_ptr                         
1     0000a80a  __TI_dtors_ptr                           
1     0000a80c  _lock                                    
1     0000a80e  _unlock                                  
1     0000a810  test                                     
1     0000a812  count                                    
abs   00000200  __TI_STACK_SIZE                          
abs   ffffffff  __TI_pprof_out_hndl                      
abs   ffffffff  __TI_prof_data_size                      
abs   ffffffff  __TI_prof_data_start                     
n/a   UNDEFED   __c_args__                               

[73 symbols]
